[0m21:51:00.825855 [debug] [MainThread]: Got an exception trying to initialize tracking


============================== 21:51:00.919746 | 4409a397-2f8c-4c79-abd1-b89d19dce87b ==============================
[0m21:51:00.919746 [info ] [MainThread]: Running with dbt=1.11.11
[0m21:51:00.919746 [debug] [MainThread]: running dbt with arguments {'static_parser': 'True', 'no_print': 'None', 'version_check': 'True', 'warn_error_options': 'WarnErrorOptionsV2(error=[], warn=[], silence=[])', 'target_path': 'None', 'printer_width': '80', 'write_json': 'True', 'empty': 'False', 'log_cache_events': 'False', 'introspect': 'True', 'cache_selected_only': 'False', 'fail_fast': 'False', 'debug': 'False', 'log_format': 'default', 'partial_parse': 'True', 'send_anonymous_usage_stats': 'True', 'quiet': 'False', 'warn_error': 'None', 'profiles_dir': 'C:\\Users\\newbi\\.dbt', 'invocation_command': 'dbt compile --select dq_summary_report', 'use_colors': 'True', 'indirect_selection': 'eager', 'use_experimental_parser': 'False', 'log_path': 'logs'}
[0m21:51:00.919746 [error] [MainThread]: Encountered an error:
Runtime Error
  No dbt_project.yml found at expected path C:\Users\newbi\Documents\Local_Documents\google-fiber-fcr-capstone\dbt_project.yml
  Verify that each entry within packages.yml (and their transitive dependencies) contains a file named dbt_project.yml
  
[0m21:51:00.919746 [debug] [MainThread]: Command `dbt compile` failed at 21:51:00.919746 after 0.20 seconds
[0m21:51:00.919746 [debug] [MainThread]: Flushing usage events
[0m17:07:03.392862 [debug] [MainThread]: Sending event: {'category': 'dbt', 'action': 'invocation', 'label': 'start', 'context': [<snowplow_tracker.self_describing_json.SelfDescribingJson object at 0x00000241227152E0>, <snowplow_tracker.self_describing_json.SelfDescribingJson object at 0x000002412326C950>, <snowplow_tracker.self_describing_json.SelfDescribingJson object at 0x000002412326F7D0>]}


============================== 17:07:03.392862 | 9d21395b-57d8-4a43-b004-7de30790cd90 ==============================
[0m17:07:03.392862 [info ] [MainThread]: Running with dbt=1.11.11
[0m17:07:03.402492 [debug] [MainThread]: running dbt with arguments {'version_check': 'True', 'no_print': 'None', 'static_parser': 'True', 'target_path': 'None', 'warn_error_options': 'WarnErrorOptionsV2(error=[], warn=[], silence=[])', 'printer_width': '80', 'write_json': 'True', 'introspect': 'True', 'log_cache_events': 'False', 'empty': 'None', 'cache_selected_only': 'False', 'log_format': 'default', 'debug': 'False', 'fail_fast': 'False', 'partial_parse': 'True', 'send_anonymous_usage_stats': 'True', 'quiet': 'False', 'warn_error': 'None', 'profiles_dir': 'C:\\Users\\newbi\\.dbt', 'use_colors': 'True', 'indirect_selection': 'eager', 'invocation_command': 'dbt clean', 'use_experimental_parser': 'False', 'log_path': 'logs'}
[0m17:07:03.402492 [error] [MainThread]: Encountered an error:
Runtime Error
  No dbt_project.yml found at expected path C:\Users\newbi\Documents\Local_Documents\google-fiber-fcr-capstone-dbt\dbt_project.yml
  Verify that each entry within packages.yml (and their transitive dependencies) contains a file named dbt_project.yml
  
[0m17:07:03.402492 [debug] [MainThread]: Command `dbt clean` failed at 17:07:03.402492 after 0.14 seconds
[0m17:07:03.404500 [debug] [MainThread]: Sending event: {'category': 'dbt', 'action': 'invocation', 'label': 'end', 'context': [<snowplow_tracker.self_describing_json.SelfDescribingJson object at 0x0000024122AA2AE0>, <snowplow_tracker.self_describing_json.SelfDescribingJson object at 0x00000241234F7BF0>, <snowplow_tracker.self_describing_json.SelfDescribingJson object at 0x0000024124A7C1D0>]}
[0m17:07:03.404500 [debug] [MainThread]: Flushing usage events
[0m17:07:04.874943 [debug] [MainThread]: An error was encountered while trying to flush usage events
[0m00:26:18.174366 [debug] [MainThread]: Sending event: {'category': 'dbt', 'action': 'invocation', 'label': 'start', 'context': [<snowplow_tracker.self_describing_json.SelfDescribingJson object at 0x0000021C03A99D30>, <snowplow_tracker.self_describing_json.SelfDescribingJson object at 0x0000021C01188B00>, <snowplow_tracker.self_describing_json.SelfDescribingJson object at 0x0000021C02A0FDD0>]}


============================== 00:26:18.174366 | 804e04b2-73a6-449b-b8f3-0f710eb8247a ==============================
[0m00:26:18.174366 [info ] [MainThread]: Running with dbt=1.11.11
[0m00:26:18.174366 [debug] [MainThread]: running dbt with arguments {'static_parser': 'True', 'no_print': 'None', 'version_check': 'True', 'warn_error_options': 'WarnErrorOptionsV2(error=[], warn=[], silence=[])', 'target_path': 'None', 'printer_width': '80', 'write_json': 'True', 'empty': 'False', 'log_cache_events': 'False', 'introspect': 'True', 'cache_selected_only': 'False', 'fail_fast': 'False', 'debug': 'False', 'log_format': 'default', 'partial_parse': 'True', 'send_anonymous_usage_stats': 'True', 'quiet': 'False', 'warn_error': 'None', 'profiles_dir': 'C:\\Users\\newbi\\.dbt', 'indirect_selection': 'eager', 'use_colors': 'True', 'invocation_command': 'dbt compile --select dq_summary_report', 'use_experimental_parser': 'False', 'log_path': 'logs'}
[0m00:26:18.190109 [error] [MainThread]: Encountered an error:
Runtime Error
  No dbt_project.yml found at expected path C:\Users\newbi\Documents\Local_Documents\google-fiber-fcr-capstone-dbt\dbt_project.yml
  Verify that each entry within packages.yml (and their transitive dependencies) contains a file named dbt_project.yml
  
[0m00:26:18.190109 [debug] [MainThread]: Command `dbt compile` failed at 00:26:18.190109 after 0.15 seconds
[0m00:26:18.190109 [debug] [MainThread]: Sending event: {'category': 'dbt', 'action': 'invocation', 'label': 'end', 'context': [<snowplow_tracker.self_describing_json.SelfDescribingJson object at 0x0000021C02EBEE10>, <snowplow_tracker.self_describing_json.SelfDescribingJson object at 0x0000021C02A0FDD0>, <snowplow_tracker.self_describing_json.SelfDescribingJson object at 0x0000021C03744BF0>]}
[0m00:26:18.190109 [debug] [MainThread]: Flushing usage events
[0m00:26:19.554222 [debug] [MainThread]: An error was encountered while trying to flush usage events
